!*** Orbit Dependencies ***
!WS:EXCLUDE
feature@org.eclipse.draw2d,3.10.100=p2IU,id=org.eclipse.draw2d.feature.jar,version=3.10.100.201606061308,repository=${transformedRepoLocation}
feature@org.eclipse.zest,1.7.0=p2IU,id=org.eclipse.zest.feature.jar,version=1.7.0.201606061308,repository=${transformedRepoLocation}
plugin@org.apache.commons.collections,3.2.2=p2IU,id=org.apache.commons.collections,version=3.2.2.v201511171945,repository=${transformedRepoLocation}
plugin@org.apache.commons.io,2.2.0=p2IU,id=org.apache.commons.io,version=2.2.0.v201405211200,repository=${transformedRepoLocation}

plugin@org.apache.batik.dom,1.7.1=p2IU,id=org.apache.batik.dom,version=1.7.1.v201505191845,repository=${transformedRepoLocation}
plugin@org.apache.batik.svggen,1.7.0=p2IU,id=org.apache.batik.svggen,version=1.7.0.v201011041433,repository=${transformedRepoLocation}
plugin@org.apache.batik.ext.awt,1.7.0=p2IU,id=org.apache.batik.ext.awt,version=1.7.0.v201011041433,repository=${transformedRepoLocation}

feature@org.eclipse.stem.data.feature,0.0.0=p2IU,id=org.eclipse.stem.data.feature.feature.jar,version=${data.version},repository=${transformedRepoLocation}
feature@org.eclipse.stem.data.diseasemodels.feature,0.0.0=p2IU,id=org.eclipse.stem.data.diseasemodels.feature.feature.jar,version=${data.version},repository=${transformedRepoLocation}
feature@org.eclipse.stem.data.geography.feature,0.0.0=p2IU,id=org.eclipse.stem.data.geography.feature.feature.jar,version=${data.version},repository=${transformedRepoLocation}
feature@org.eclipse.stem.data.population.human.feature,0.0.0=p2IU,id=org.eclipse.stem.data.population.human.feature.feature.jar,version=${data.version},repository=${transformedRepoLocation}
feature@org.eclipse.stem.data.transportation.feature,0.0.0=p2IU,id=org.eclipse.stem.data.transportation.feature.feature.jar,version=${data.version},repository=${transformedRepoLocation}


!*** STEM Features ***
!WS:STEM-Features
feature@org.eclipse.stem.feature=COPY,${source.path.features},org.eclipse.stem.feature
feature@org.eclipse.stem.product.feature=COPY,${source.path.features},org.eclipse.stem.product.feature
feature@org.eclipse.stem.core.feature=COPY,${source.path.features},org.eclipse.stem.core.feature
feature@org.eclipse.stem.internal.data.feature=COPY,${source.path.features},org.eclipse.stem.internal.data.feature
feature@org.eclipse.stem.analysis.feature=COPY,${source.path.features},org.eclipse.stem.analysis.feature
feature@org.eclipse.stem.distributed.feature=COPY,${source.path.features},org.eclipse.stem.distributed.feature
feature@org.eclipse.stem.models.epidemiology.feature=COPY,${source.path.features},org.eclipse.stem.models.epidemiology.feature
feature@org.eclipse.stem.models.population.feature=COPY,${source.path.features},org.eclipse.stem.models.population.feature
feature@org.eclipse.stem.tests.feature=COPY,${source.path.features},org.eclipse.stem.tests.feature
feature@org.eclipse.stem.modelgen=COPY,${source.path.features},org.eclipse.stem.modelgen.feature


!*** Documentation ***
!WS:STEM-Docs
plugin@org.eclipse.stem.doc=COPY,${source.path.docs},org.eclipse.stem.doc

!WS:STEM-ThirdPartyLibs
plugin@org.apache.commons.math3=COPY,${source.path.lib},org.apache.commons.math3

!*** STEM Core ***
!WS:STEM-Core
plugin@org.eclipse.stem.core=COPY,${source.path.core},org.eclipse.stem.core
plugin@org.eclipse.stem.definitions=COPY,${source.path.core},org.eclipse.stem.definitions
plugin@org.eclipse.stem.geography=COPY,${source.path.core},org.eclipse.stem.geography
plugin@org.eclipse.stem.gis=COPY,${source.path.core},org.eclipse.stem.gis
plugin@org.eclipse.stem.graphgenerators=COPY,${source.path.core},org.eclipse.stem.graphgenerators
plugin@org.eclipse.stem.jobs=COPY,${source.path.core},org.eclipse.stem.jobs
plugin@org.eclipse.stem.sequencers=COPY,${source.path.core},org.eclipse.stem.sequencers
plugin@org.eclipse.stem.solvers.fd=COPY,${source.path.core},org.eclipse.stem.solvers.fd
plugin@org.eclipse.stem.solvers.rk=COPY,${source.path.core},org.eclipse.stem.solvers.rk
plugin@org.eclipse.stem.solvers.stochastic=COPY,${source.path.core},org.eclipse.stem.solvers.stochastic
plugin@org.eclipse.stem.transport=COPY,${source.path.core},org.eclipse.stem.transport
plugin@org.eclipse.stem.ui=COPY,${source.path.core},org.eclipse.stem.ui
plugin@org.eclipse.stem.ui.ge=COPY,${source.path.core},org.eclipse.stem.ui.ge
plugin@org.eclipse.stem.ui.grapheditor=COPY,${source.path.core},org.eclipse.stem.ui.grapheditor
plugin@org.eclipse.stem.ui.headless=COPY,${source.path.core},org.eclipse.stem.ui.headless
plugin@org.eclipse.stem.ui.graphgenerators=COPY,${source.path.core},org.eclipse.stem.ui.graphgenerators
plugin@org.eclipse.stem.ui.reports=COPY,${source.path.core},org.eclipse.stem.ui.reports
plugin@org.eclipse.stem.ui.solvers.fd=COPY,${source.path.core},org.eclipse.stem.ui.solvers.fd
plugin@org.eclipse.stem.ui.solvers.rk=COPY,${source.path.core},org.eclipse.stem.ui.solvers.rk
plugin@org.eclipse.stem.ui.solvers.stochastic=COPY,${source.path.core},org.eclipse.stem.ui.solvers.stochastic
plugin@org.eclipse.stem.ui.transport=COPY,${source.path.core},org.eclipse.stem.ui.transport
plugin@org.eclipse.stem.util.loggers=COPY,${source.path.core},org.eclipse.stem.util.loggers
plugin@org.eclipse.stem.loggers=COPY,${source.path.core},org.eclipse.stem.loggers
plugin@org.eclipse.stem.loggers.csv=COPY,${source.path.core},org.eclipse.stem.loggers.csv
plugin@org.eclipse.stem.loggers.imagewriter=COPY,${source.path.core},org.eclipse.stem.loggers.imagewriter
plugin@org.eclipse.stem.ui.loggers=COPY,${source.path.core},org.eclipse.stem.ui.loggers

!*** Analysis ***
!WS:STEM-Analysis
plugin@org.eclipse.stem.analysis=COPY,${source.path.analysis},org.eclipse.stem.analysis
plugin@org.eclipse.stem.analysis.automaticexperiment=COPY,${source.path.analysis},org.eclipse.stem.analysis.automaticexperiment
plugin@org.eclipse.stem.util.analysis=COPY,${source.path.analysis},org.eclipse.stem.util.analysis

!*** Data ***
!WS:STEM-Data
!plugin@org.eclipse.stem.internal.data=COPY,${source.path.data},org.eclipse.stem.internal.data
!plugin@org.eclipse.stem.internal.data.geography=COPY,${source.path.data.geography},org.eclipse.stem.internal.data.geography
!plugin@org.eclipse.stem.internal.data.geography.infrastructure.transportation=COPY,${source.path.data.geography},org.eclipse.stem.internal.data.geography.infrastructure.transportation
!plugin@org.eclipse.stem.internal.data.geography.models=COPY,${source.path.data.geography},org.eclipse.stem.internal.data.geography.models
!plugin@org.eclipse.stem.data.geography=COPY,${source.path.data.geography},org.eclipse.stem.data.geography
!plugin@org.eclipse.stem.data.geography.infrastructure.transportation=COPY,${source.path.data.geography},org.eclipse.stem.data.geography.infrastructure.transportation
!plugin@org.eclipse.stem.data.geography.models=COPY,${source.path.data.geography},org.eclipse.stem.data.geography.models

!*** Population Data ***
!plugin@org.eclipse.stem.internal.data.geography.population=COPY,${source.path.data.population},org.eclipse.stem.internal.data.geography.population
!plugin@org.eclipse.stem.internal.data.geography.population.human=COPY,${source.path.data.population},org.eclipse.stem.internal.data.geography.population.human
!plugin@org.eclipse.stem.internal.data.geography.population.human.models=COPY,${source.path.data.population},org.eclipse.stem.internal.data.geography.population.human.models
!plugin@org.eclipse.stem.internal.data.population.human=COPY,${source.path.data.population},org.eclipse.stem.internal.data.population.human
!plugin@org.eclipse.stem.data.geography.population.human=COPY,${source.path.data.population},org.eclipse.stem.data.geography.population.human
!plugin@org.eclipse.stem.data.geography.population.human.models=COPY,${source.path.data.population},org.eclipse.stem.data.geography.population.human.models


!*** Epidemiology / Disease Models ***
!WS:STEM-DiseaseModels
!plugin@org.eclipse.stem.diseases=COPY,${source.path.models.epidemiology},org.eclipse.stem.diseases
!plugin@org.eclipse.stem.data.diseasemodels.models=COPY,${source.path.models.epidemiology},org.eclipse.stem.data.diseasemodels.models
!plugin@org.eclipse.stem.data.diseasemodels.scenarios=COPY,${source.path.models.epidemiology},org.eclipse.stem.data.diseasemodels.scenarios
!plugin@org.eclipse.stem.internal.diseasemodels.models=COPY,${source.path.models.epidemiology},org.eclipse.stem.internal.diseasemodels.models
!plugin@org.eclipse.stem.internal.diseasemodels.scenarios=COPY,${source.path.models.epidemiology},org.eclipse.stem.internal.diseasemodels.scenarios
plugin@org.eclipse.stem.diseasemodels=COPY,${source.path.models.epidemiology},org.eclipse.stem.diseasemodels
plugin@org.eclipse.stem.diseasemodels.evolving=COPY,${source.path.models.epidemiology},org.eclipse.stem.diseasemodels.evolving
plugin@org.eclipse.stem.diseasemodels.example=COPY,${source.path.models.epidemiology},org.eclipse.stem.diseasemodels.example
plugin@org.eclipse.stem.diseasemodels.experimental=COPY,${source.path.models.epidemiology},org.eclipse.stem.diseasemodels.experimental
plugin@org.eclipse.stem.diseasemodels.externaldatasource=COPY,${source.path.models.epidemiology},org.eclipse.stem.diseasemodels.externaldatasource
plugin@org.eclipse.stem.diseasemodels.forcing=COPY,${source.path.models.epidemiology},org.eclipse.stem.diseasemodels.forcing
plugin@org.eclipse.stem.diseasemodels.globalinfluenzamodel=COPY,${source.path.models.epidemiology},org.eclipse.stem.diseasemodels.globalinfluenzamodel
plugin@org.eclipse.stem.diseasemodels.measles=COPY,${source.path.models.epidemiology},org.eclipse.stem.diseasemodels.measles
plugin@org.eclipse.stem.diseasemodels.multipopulation=COPY,${source.path.models.epidemiology},org.eclipse.stem.diseasemodels.multipopulation
plugin@org.eclipse.stem.diseasemodels.polioopvipv=COPY,${source.path.models.epidemiology},org.eclipse.stem.diseasemodels.polioopvipv
plugin@org.eclipse.stem.diseasemodels.vector=COPY,${source.path.models.epidemiology},org.eclipse.stem.diseasemodels.vector
plugin@org.eclipse.stem.diseasemodels.avianinfluenza=COPY,${source.path.models.epidemiology},org.eclipse.stem.diseasemodels.avianinfluenza
plugin@org.eclipse.stem.ui.diseasemodels=COPY,${source.path.models.epidemiology},org.eclipse.stem.ui.diseasemodels
plugin@org.eclipse.stem.ui.diseasemodels.example=COPY,${source.path.models.epidemiology},org.eclipse.stem.ui.diseasemodels.example
plugin@org.eclipse.stem.ui.diseasemodels.experimental=COPY,${source.path.models.epidemiology},org.eclipse.stem.ui.diseasemodels.experimental
plugin@org.eclipse.stem.ui.diseasemodels.externaldatasource=COPY,${source.path.models.epidemiology},org.eclipse.stem.ui.diseasemodels.externaldatasource
plugin@org.eclipse.stem.ui.diseasemodels.forcing=COPY,${source.path.models.epidemiology},org.eclipse.stem.ui.diseasemodels.forcing
plugin@org.eclipse.stem.ui.diseasemodels.globalinfluenzamodel=COPY,${source.path.models.epidemiology},org.eclipse.stem.ui.diseasemodels.globalinfluenzamodel
plugin@org.eclipse.stem.ui.diseasemodels.multipopulation=COPY,${source.path.models.epidemiology},org.eclipse.stem.ui.diseasemodels.multipopulation
plugin@org.eclipse.stem.ui.diseasemodels.vector=COPY,${source.path.models.epidemiology},org.eclipse.stem.ui.diseasemodels.vector
plugin@org.eclipse.stem.interventions=COPY,${source.path.models.epidemiology},org.eclipse.stem.interventions
plugin@org.eclipse.stem.ui.interventions=COPY,${source.path.models.epidemiology},org.eclipse.stem.ui.interventions
plugin@org.eclipse.stem.diseasemodels.veterinary=COPY,${source.path.models.epidemiology},org.eclipse.stem.diseasemodels.veterinary


!*** Population Models ***
!WS:STEM-PopulationModels
plugin@org.eclipse.stem.populationmodels=COPY,${source.path.models.population},org.eclipse.stem.populationmodels
plugin@org.eclipse.stem.ui.populationmodels=COPY,${source.path.models.population},org.eclipse.stem.ui.populationmodels

!*** Food Production Models ***
!WS:STEM-FoodProductionModels
plugin@org.eclipse.stem.foodproduction=COPY,${source.path.models.foodproduction},org.eclipse.stem.foodproduction
plugin@org.eclipse.stem.ui.foodproduction=COPY,${source.path.models.foodproduction},org.eclipse.stem.ui.foodproduction

!*** Model Generator Plug-ins ***
!WS:STEM-ModelGen
plugin@org.eclipse.stem.model=COPY,${source.path.modelgen},org.eclipse.stem.model
plugin@org.eclipse.stem.model.builder=COPY,${source.path.modelgen},org.eclipse.stem.model.builder
plugin@org.eclipse.stem.model.codegen=COPY,${source.path.modelgen},org.eclipse.stem.model.codegen
plugin@org.eclipse.stem.model.common=COPY,${source.path.modelgen},org.eclipse.stem.model.common
plugin@org.eclipse.stem.model.transform=COPY,${source.path.modelgen},org.eclipse.stem.model.transform
plugin@org.eclipse.stem.model.ui=COPY,${source.path.modelgen},org.eclipse.stem.model.ui
plugin@org.eclipse.stem.model.ui.editor=COPY,${source.path.modelgen},org.eclipse.stem.model.ui.editor
plugin@org.eclipse.stem.model.ctdl=COPY,${source.path.modelgen},org.eclipse.stem.model.ctdl
plugin@org.eclipse.stem.model.ctdl.ui=COPY,${source.path.modelgen},org.eclipse.stem.model.ctdl.ui
plugin@org.eclipse.stem.model.ctdl.functions=COPY,${source.path.modelgen},org.eclipse.stem.model.ctdl.functions

!*** Distributed STEM ***
!WS:STEM-Distributed
plugin@org.eclipse.stem.graphsynchronizer=COPY,${source.path.distributed},org.eclipse.stem.graphsynchronizer

!*** Tests ***
!WS:STEM-Tests
plugin@org.eclipse.stem.tests.automaticexperiment=COPY,${source.path.tests},org.eclipse.stem.tests.automaticexperiment
plugin@org.eclipse.stem.tests.core=COPY,${source.path.tests},org.eclipse.stem.tests.core
plugin@org.eclipse.stem.tests.definitions=COPY,${source.path.tests},org.eclipse.stem.tests.definitions
plugin@org.eclipse.stem.tests.diseasemodels=COPY,${source.path.tests},org.eclipse.stem.tests.diseasemodels
plugin@org.eclipse.stem.tests.diseasemodels.example=COPY,${source.path.tests},org.eclipse.stem.tests.diseasemodels.example
plugin@org.eclipse.stem.tests.diseasemodels.experimental=COPY,${source.path.tests},org.eclipse.stem.tests.diseasemodels.experimental
plugin@org.eclipse.stem.tests.diseasemodels.externaldatasource=COPY,${source.path.tests},org.eclipse.stem.tests.diseasemodels.externaldatasource
plugin@org.eclipse.stem.tests.diseasemodels.forcing=COPY,${source.path.tests},org.eclipse.stem.tests.diseasemodels.forcing
plugin@org.eclipse.stem.tests.diseasemodels.multipopulation=COPY,${source.path.tests},org.eclipse.stem.tests.diseasemodels.multipopulation
plugin@org.eclipse.stem.tests.grapheditor=COPY,${source.path.tests},org.eclipse.stem.tests.grapheditor
plugin@org.eclipse.stem.tests.graphgenerators=COPY,${source.path.tests},org.eclipse.stem.tests.graphgenerators
plugin@org.eclipse.stem.tests.internal.data=COPY,${source.path.tests},org.eclipse.stem.tests.internal.data
plugin@org.eclipse.stem.tests.jobs=COPY,${source.path.tests},org.eclipse.stem.tests.jobs
plugin@org.eclipse.stem.tests.populationmodels=COPY,${source.path.tests},org.eclipse.stem.tests.populationmodels
plugin@org.eclipse.stem.tests.transport=COPY,${source.path.tests},org.eclipse.stem.tests.transport
plugin@org.eclipse.stem.tests.ui=COPY,${source.path.tests},org.eclipse.stem.tests.ui
plugin@org.eclipse.stem.tests.ui.ge=COPY,${source.path.tests},org.eclipse.stem.tests.ui.ge
plugin@org.eclipse.stem.tests.util=COPY,${source.path.tests},org.eclipse.stem.tests.util
plugin@org.eclipse.stem.tests.interventions=COPY,${source.path.tests},org.eclipse.stem.tests.interventions
plugin@org.eclipse.stem.sample=COPY,${source.path.tests},org.eclipse.stem.sample
plugin@org.eclipse.stem.general=COPY,${source.path},.
plugin@org.eclipse.stem=COPY,${source.path},org.eclipse.stem
plugin@analysis=COPY,${source.path},org.eclipse.stem/analysis
plugin@core=COPY,${source.path},org.eclipse.stem/core
plugin@distributed=COPY,${source.path},org.eclipse.stem/distributed
plugin@docs=COPY,${source.path},org.eclipse.stem/docs
plugin@features=COPY,${source.path},org.eclipse.stem/features
plugin@lib=COPY,${source.path},org.eclipse.stem/lib
plugin@modelgen=COPY,${source.path},org.eclipse.stem/modelgen
plugin@releng=COPY,${source.path},org.eclipse.stem/releng
plugin@org.eclipse.stem.releng=COPY,${source.path},org.eclipse.stem/releng/org.eclipse.stem.releng
plugin@org.eclipse.stem.releng.targetplatforms=COPY,${source.path},org.eclipse.stem/releng/org.eclipse.stem.releng.targetplatforms
plugin@org.eclipse.stem.releng.updatesite=COPY,${source.path},org.eclipse.stem/releng/org.eclipse.stem.releng.updatesite
plugin@org.eclipse.stem.tycho.product=COPY,${source.path},org.eclipse.stem/releng/org.eclipse.stem.tycho.product
plugin@org.eclipse.stem.tycho.update=COPY,${source.path},org.eclipse.stem/releng/org.eclipse.stem.tycho.update
plugin@tests=COPY,${source.path},org.eclipse.stem/tests
plugin@org.eclipse.stem.data=COPY,${source.path},org.eclipse.stem.data
plugin@geography=COPY,${source.path},org.eclipse.stem.data/geography
plugin@population=COPY,${source.path},org.eclipse.stem.data/population


!*** Earth Science Data ***
!WS:STEM-Data-EarthScience
plugin@org.eclipse.stem.data.geography.earthscience.2000=COPY,${source.path.data.earthscience},org.eclipse.stem.data.geography.earthscience.2000
plugin@org.eclipse.stem.data.geography.earthscience.2000.models=COPY,${source.path.data.earthscience},org.eclipse.stem.data.geography.earthscience.2000.models
plugin@org.eclipse.stem.data.geography.earthscience.2001=COPY,${source.path.data.earthscience},org.eclipse.stem.data.geography.earthscience.2001
plugin@org.eclipse.stem.data.geography.earthscience.2001.models=COPY,${source.path.data.earthscience},org.eclipse.stem.data.geography.earthscience.2001.models
plugin@org.eclipse.stem.data.geography.earthscience.2002=COPY,${source.path.data.earthscience},org.eclipse.stem.data.geography.earthscience.2002
plugin@org.eclipse.stem.data.geography.earthscience.2002.models=COPY,${source.path.data.earthscience},org.eclipse.stem.data.geography.earthscience.2002.models
plugin@org.eclipse.stem.data.geography.earthscience.2003=COPY,${source.path.data.earthscience},org.eclipse.stem.data.geography.earthscience.2003
plugin@org.eclipse.stem.data.geography.earthscience.2003.models=COPY,${source.path.data.earthscience},org.eclipse.stem.data.geography.earthscience.2003.models
plugin@org.eclipse.stem.data.geography.earthscience.2004=COPY,${source.path.data.earthscience},org.eclipse.stem.data.geography.earthscience.2004
plugin@org.eclipse.stem.data.geography.earthscience.2004.models=COPY,${source.path.data.earthscience},org.eclipse.stem.data.geography.earthscience.2004.models
plugin@org.eclipse.stem.data.geography.earthscience.2005=COPY,${source.path.data.earthscience},org.eclipse.stem.data.geography.earthscience.2005
plugin@org.eclipse.stem.data.geography.earthscience.2005.models=COPY,${source.path.data.earthscience},org.eclipse.stem.data.geography.earthscience.2005.models
plugin@org.eclipse.stem.data.geography.earthscience.2006=COPY,${source.path.data.earthscience},org.eclipse.stem.data.geography.earthscience.2006
plugin@org.eclipse.stem.data.geography.earthscience.2006.models=COPY,${source.path.data.earthscience},org.eclipse.stem.data.geography.earthscience.2006.models
plugin@org.eclipse.stem.data.geography.earthscience.2007=COPY,${source.path.data.earthscience},org.eclipse.stem.data.geography.earthscience.2007
plugin@org.eclipse.stem.data.geography.earthscience.2007.models=COPY,${source.path.data.earthscience},org.eclipse.stem.data.geography.earthscience.2007.models
plugin@org.eclipse.stem.data.geography.earthscience.2008=COPY,${source.path.data.earthscience},org.eclipse.stem.data.geography.earthscience.2008
plugin@org.eclipse.stem.data.geography.earthscience.2008.models=COPY,${source.path.data.earthscience},org.eclipse.stem.data.geography.earthscience.2008.models
plugin@org.eclipse.stem.data.geography.earthscience.2009=COPY,${source.path.data.earthscience},org.eclipse.stem.data.geography.earthscience.2009
plugin@org.eclipse.stem.data.geography.earthscience.2009.models=COPY,${source.path.data.earthscience},org.eclipse.stem.data.geography.earthscience.2009.models
plugin@org.eclipse.stem.data.geography.earthscience.2010=COPY,${source.path.data.earthscience},org.eclipse.stem.data.geography.earthscience.2010
plugin@org.eclipse.stem.data.geography.earthscience.2010.models=COPY,${source.path.data.earthscience},org.eclipse.stem.data.geography.earthscience.2010.models
plugin@org.eclipse.stem.data.geography.earthscience.combined=COPY,${source.path.data.earthscience},org.eclipse.stem.data.geography.earthscience.combined
plugin@org.eclipse.stem.data.geography.earthscience.combined.models=COPY,${source.path.data.earthscience},org.eclipse.stem.data.geography.earthscience.combined.models
plugin@org.eclipse.stem.data.geography.earthscience.elevation=COPY,${source.path.data.earthscience},org.eclipse.stem.data.geography.earthscience.elevation
plugin@org.eclipse.stem.internal.data.geography.earthscience=COPY,${source.path.data.earthscience},org.eclipse.stem.internal.data.geography.earthscience
plugin@org.eclipse.stem.internal.data.geography.earthscience.2000=COPY,${source.path.data.earthscience},org.eclipse.stem.internal.data.geography.earthscience.2000
plugin@org.eclipse.stem.internal.data.geography.earthscience.2000.models=COPY,${source.path.data.earthscience},org.eclipse.stem.internal.data.geography.earthscience.2000.models
plugin@org.eclipse.stem.internal.data.geography.earthscience.2001=COPY,${source.path.data.earthscience},org.eclipse.stem.internal.data.geography.earthscience.2001
plugin@org.eclipse.stem.internal.data.geography.earthscience.2001.models=COPY,${source.path.data.earthscience},org.eclipse.stem.internal.data.geography.earthscience.2001.models
plugin@org.eclipse.stem.internal.data.geography.earthscience.2002=COPY,${source.path.data.earthscience},org.eclipse.stem.internal.data.geography.earthscience.2002
plugin@org.eclipse.stem.internal.data.geography.earthscience.2002.models=COPY,${source.path.data.earthscience},org.eclipse.stem.internal.data.geography.earthscience.2002.models
plugin@org.eclipse.stem.internal.data.geography.earthscience.2003=COPY,${source.path.data.earthscience},org.eclipse.stem.internal.data.geography.earthscience.2003
plugin@org.eclipse.stem.internal.data.geography.earthscience.2003.models=COPY,${source.path.data.earthscience},org.eclipse.stem.internal.data.geography.earthscience.2003.models
plugin@org.eclipse.stem.internal.data.geography.earthscience.2004=COPY,${source.path.data.earthscience},org.eclipse.stem.internal.data.geography.earthscience.2004
plugin@org.eclipse.stem.internal.data.geography.earthscience.2004.models=COPY,${source.path.data.earthscience},org.eclipse.stem.internal.data.geography.earthscience.2004.models
plugin@org.eclipse.stem.internal.data.geography.earthscience.2005=COPY,${source.path.data.earthscience},org.eclipse.stem.internal.data.geography.earthscience.2005
plugin@org.eclipse.stem.internal.data.geography.earthscience.2005.models=COPY,${source.path.data.earthscience},org.eclipse.stem.internal.data.geography.earthscience.2005.models
plugin@org.eclipse.stem.internal.data.geography.earthscience.2006=COPY,${source.path.data.earthscience},org.eclipse.stem.internal.data.geography.earthscience.2006
plugin@org.eclipse.stem.internal.data.geography.earthscience.2006.models=COPY,${source.path.data.earthscience},org.eclipse.stem.internal.data.geography.earthscience.2006.models
plugin@org.eclipse.stem.internal.data.geography.earthscience.2007=COPY,${source.path.data.earthscience},org.eclipse.stem.internal.data.geography.earthscience.2007
plugin@org.eclipse.stem.internal.data.geography.earthscience.2007.models=COPY,${source.path.data.earthscience},org.eclipse.stem.internal.data.geography.earthscience.2007.models
plugin@org.eclipse.stem.internal.data.geography.earthscience.2008=COPY,${source.path.data.earthscience},org.eclipse.stem.internal.data.geography.earthscience.2008
plugin@org.eclipse.stem.internal.data.geography.earthscience.2008.models=COPY,${source.path.data.earthscience},org.eclipse.stem.internal.data.geography.earthscience.2008.models
plugin@org.eclipse.stem.internal.data.geography.earthscience.2009=COPY,${source.path.data.earthscience},org.eclipse.stem.internal.data.geography.earthscience.2009
plugin@org.eclipse.stem.internal.data.geography.earthscience.2009.models=COPY,${source.path.data.earthscience},org.eclipse.stem.internal.data.geography.earthscience.2009.models
plugin@org.eclipse.stem.internal.data.geography.earthscience.2010=COPY,${source.path.data.earthscience},org.eclipse.stem.internal.data.geography.earthscience.2010
plugin@org.eclipse.stem.internal.data.geography.earthscience.2010.models=COPY,${source.path.data.earthscience},org.eclipse.stem.internal.data.geography.earthscience.2010.models
plugin@org.eclipse.stem.internal.data.geography.earthscience.combined=COPY,${source.path.data.earthscience},org.eclipse.stem.internal.data.geography.earthscience.combined
plugin@org.eclipse.stem.internal.data.geography.earthscience.combined.models=COPY,${source.path.data.earthscience},org.eclipse.stem.internal.data.geography.earthscience.combined.models
plugin@org.eclipse.stem.internal.data.geography.earthscience.elevation=COPY,${source.path.data.earthscience},org.eclipse.stem.internal.data.geography.earthscience.elevation
