!*** Orbit Dependencies ***
!WS:EXCLUDE
plugin@org.apache.commons.math=v2_1,:pserver:anonymous@dev.eclipse.org:/cvsroot/tools,null,org.eclipse.orbit/org.apache.commons.math

!*** STEM Features ***
!WS:STEM-Features
feature@org.eclipse.stem.feature=SVN,url=http://dev.eclipse.org/svnroot/technology/org.eclipse.stem,tag=trunk,path=features/org.eclipse.stem.feature
feature@org.eclipse.stem.product.feature=SVN,url=http://dev.eclipse.org/svnroot/technology/org.eclipse.stem,tag=trunk,path=features/org.eclipse.stem.product.feature
feature@org.eclipse.stem.core.feature=SVN,url=http://dev.eclipse.org/svnroot/technology/org.eclipse.stem,tag=trunk,path=features/org.eclipse.stem.core.feature
feature@org.eclipse.stem.internal.data.feature=SVN,url=http://dev.eclipse.org/svnroot/technology/org.eclipse.stem,tag=trunk,path=features/org.eclipse.stem.internal.data.feature
feature@org.eclipse.stem.analysis.feature=SVN,url=http://dev.eclipse.org/svnroot/technology/org.eclipse.stem,tag=trunk,path=features/org.eclipse.stem.analysis.feature
feature@org.eclipse.stem.distributed.feature=SVN,url=http://dev.eclipse.org/svnroot/technology/org.eclipse.stem,tag=trunk,path=features/org.eclipse.stem.distributed.feature
feature@org.eclipse.stem.models.epidemiology.feature=SVN,url=http://dev.eclipse.org/svnroot/technology/org.eclipse.stem,tag=trunk,path=features/org.eclipse.stem.models.epidemiology.feature
feature@org.eclipse.stem.models.population.feature=SVN,url=http://dev.eclipse.org/svnroot/technology/org.eclipse.stem,tag=trunk,path=features/org.eclipse.stem.models.population.feature
feature@org.eclipse.stem.data.geography.feature=SVN,url=http://dev.eclipse.org/svnroot/technology/org.eclipse.stem,tag=trunk,path=features/org.eclipse.stem.data.geography.feature
feature@org.eclipse.stem.data.population.human.feature=SVN,url=http://dev.eclipse.org/svnroot/technology/org.eclipse.stem,tag=trunk,path=features/org.eclipse.stem.data.population.human.feature
feature@org.eclipse.stem.data.transportation.feature=SVN,url=http://dev.eclipse.org/svnroot/technology/org.eclipse.stem,tag=trunk,path=features/org.eclipse.stem.data.transportation.feature
feature@org.eclipse.stem.tests.feature=SVN,url=http://dev.eclipse.org/svnroot/technology/org.eclipse.stem,tag=trunk,path=features/org.eclipse.stem.tests.feature

!*** STEM Core ***
!WS:STEM-Core
plugin@org.eclipse.stem.core=SVN,url=http://dev.eclipse.org/svnroot/technology/org.eclipse.stem,tag=trunk,path=core/org.eclipse.stem.core
plugin@org.eclipse.stem.definitions=SVN,url=http://dev.eclipse.org/svnroot/technology/org.eclipse.stem,tag=trunk,path=core/org.eclipse.stem.definitions
plugin@org.eclipse.stem.graphgenerators=SVN,url=http://dev.eclipse.org/svnroot/technology/org.eclipse.stem,tag=trunk,path=core/org.eclipse.stem.graphgenerators
plugin@org.eclipse.stem.jobs=SVN,url=http://dev.eclipse.org/svnroot/technology/org.eclipse.stem,tag=trunk,path=core/org.eclipse.stem.jobs
!fragment@org.eclipse.stem.jobs.nl1=SVN,url=http://dev.eclipse.org/svnroot/technology/org.eclipse.stem,tag=trunk,path=core/org.eclipse.stem.jobs.nl1
plugin@org.eclipse.stem.sequencers=SVN,url=http://dev.eclipse.org/svnroot/technology/org.eclipse.stem,tag=trunk,path=core/org.eclipse.stem.sequencers
plugin@org.eclipse.stem.solvers.fd=SVN,url=http://dev.eclipse.org/svnroot/technology/org.eclipse.stem,tag=trunk,path=core/org.eclipse.stem.solvers.fd
plugin@org.eclipse.stem.solvers.rk=SVN,url=http://dev.eclipse.org/svnroot/technology/org.eclipse.stem,tag=trunk,path=core/org.eclipse.stem.solvers.rk
plugin@org.eclipse.stem.transport=SVN,url=http://dev.eclipse.org/svnroot/technology/org.eclipse.stem,tag=trunk,path=core/org.eclipse.stem.transport
plugin@org.eclipse.stem.ui=SVN,url=http://dev.eclipse.org/svnroot/technology/org.eclipse.stem,tag=trunk,path=core/org.eclipse.stem.ui
plugin@org.eclipse.stem.ui.ge=SVN,url=http://dev.eclipse.org/svnroot/technology/org.eclipse.stem,tag=trunk,path=core/org.eclipse.stem.ui.ge
plugin@org.eclipse.stem.ui.grapheditor=SVN,url=http://dev.eclipse.org/svnroot/technology/org.eclipse.stem,tag=trunk,path=core/org.eclipse.stem.ui.grapheditor
plugin@org.eclipse.stem.ui.headless=SVN,url=http://dev.eclipse.org/svnroot/technology/org.eclipse.stem,tag=trunk,path=core/org.eclipse.stem.ui.headless
plugin@org.eclipse.stem.ui.graphgenerators=SVN,url=http://dev.eclipse.org/svnroot/technology/org.eclipse.stem,tag=trunk,path=core/org.eclipse.stem.ui.graphgenerators
!fragment@org.eclipse.stem.ui.nl1=SVN,url=http://dev.eclipse.org/svnroot/technology/org.eclipse.stem,tag=trunk,path=core/org.eclipse.stem.ui.nl1
plugin@org.eclipse.stem.ui.reports=SVN,url=http://dev.eclipse.org/svnroot/technology/org.eclipse.stem,tag=trunk,path=core/org.eclipse.stem.ui.reports
plugin@org.eclipse.stem.ui.solvers.fd=SVN,url=http://dev.eclipse.org/svnroot/technology/org.eclipse.stem,tag=trunk,path=core/org.eclipse.stem.ui.solvers.fd
plugin@org.eclipse.stem.ui.solvers.rk=SVN,url=http://dev.eclipse.org/svnroot/technology/org.eclipse.stem,tag=trunk,path=core/org.eclipse.stem.ui.solvers.rk
plugin@org.eclipse.stem.ui.transport=SVN,url=http://dev.eclipse.org/svnroot/technology/org.eclipse.stem,tag=trunk,path=core/org.eclipse.stem.ui.transport
plugin@org.eclipse.stem.util.loggers=SVN,url=http://dev.eclipse.org/svnroot/technology/org.eclipse.stem,tag=trunk,path=core/org.eclipse.stem.util.loggers

!*** Analysis ***
!WS:STEM-Analysis
plugin@org.eclipse.stem.analysis=SVN,url=http://dev.eclipse.org/svnroot/technology/org.eclipse.stem,tag=trunk,path=analysis/org.eclipse.stem.analysis
plugin@org.eclipse.stem.analysis.automaticexperiment=SVN,url=http://dev.eclipse.org/svnroot/technology/org.eclipse.stem,tag=trunk,path=analysis/org.eclipse.stem.analysis.automaticexperiment
plugin@org.eclipse.stem.util.analysis=SVN,url=http://dev.eclipse.org/svnroot/technology/org.eclipse.stem,tag=trunk,path=analysis/org.eclipse.stem.util.analysis

!*** Data ***
!WS:STEM-Data
plugin@org.eclipse.stem.internal.data=SVN,url=http://dev.eclipse.org/svnroot/technology/org.eclipse.stem,tag=trunk,path=data/org.eclipse.stem.internal.data
plugin@org.eclipse.stem.internal.data.geography=SVN,url=http://dev.eclipse.org/svnroot/technology/org.eclipse.stem,tag=trunk,path=data/geography/org.eclipse.stem.internal.data.geography
plugin@org.eclipse.stem.internal.data.geography.infrastructure.transportation=SVN,url=http://dev.eclipse.org/svnroot/technology/org.eclipse.stem,tag=trunk,path=data/geography/org.eclipse.stem.internal.data.geography.infrastructure.transportation
plugin@org.eclipse.stem.internal.data.geography.models=SVN,url=http://dev.eclipse.org/svnroot/technology/org.eclipse.stem,tag=trunk,path=data/geography/org.eclipse.stem.internal.data.geography.models
plugin@org.eclipse.stem.data.geography=SVN,url=http://dev.eclipse.org/svnroot/technology/org.eclipse.stem,tag=trunk,path=data/geography/org.eclipse.stem.data.geography
plugin@org.eclipse.stem.data.geography.infrastructure.transportation=SVN,url=http://dev.eclipse.org/svnroot/technology/org.eclipse.stem,tag=trunk,path=data/geography/org.eclipse.stem.data.geography.infrastructure.transportation
plugin@org.eclipse.stem.data.geography.models=SVN,url=http://dev.eclipse.org/svnroot/technology/org.eclipse.stem,tag=trunk,path=data/geography/org.eclipse.stem.data.geography.models

!*** Population Data ***
plugin@org.eclipse.stem.internal.data.geography.population=SVN,url=http://dev.eclipse.org/svnroot/technology/org.eclipse.stem,tag=trunk,path=data/population/org.eclipse.stem.internal.data.geography.population
plugin@org.eclipse.stem.internal.data.geography.population.human=SVN,url=http://dev.eclipse.org/svnroot/technology/org.eclipse.stem,tag=trunk,path=data/population/org.eclipse.stem.internal.data.geography.population.human
plugin@org.eclipse.stem.internal.data.geography.population.human.models=SVN,url=http://dev.eclipse.org/svnroot/technology/org.eclipse.stem,tag=trunk,path=data/population/org.eclipse.stem.internal.data.geography.population.human.models
plugin@org.eclipse.stem.internal.data.population.human=SVN,url=http://dev.eclipse.org/svnroot/technology/org.eclipse.stem,tag=trunk,path=data/population/org.eclipse.stem.internal.data.population.human
plugin@org.eclipse.stem.data.geography.population.human=SVN,url=http://dev.eclipse.org/svnroot/technology/org.eclipse.stem,tag=trunk,path=data/population/org.eclipse.stem.data.geography.population.human
plugin@org.eclipse.stem.data.geography.population.human.models=SVN,url=http://dev.eclipse.org/svnroot/technology/org.eclipse.stem,tag=trunk,path=data/population/org.eclipse.stem.data.geography.population.human.models


!*** Epidemiology / Disease Models ***
!WS:STEM-DiseaseModels
plugin@org.eclipse.stem.data.diseasemodels.models=SVN,url=http://dev.eclipse.org/svnroot/technology/org.eclipse.stem,tag=trunk,path=models/epidemiology/org.eclipse.stem.data.diseasemodels.models
plugin@org.eclipse.stem.data.diseasemodels.scenarios=SVN,url=http://dev.eclipse.org/svnroot/technology/org.eclipse.stem,tag=trunk,path=models/epidemiology/org.eclipse.stem.data.diseasemodels.scenarios
plugin@org.eclipse.stem.internal.diseasemodels.models=SVN,url=http://dev.eclipse.org/svnroot/technology/org.eclipse.stem,tag=trunk,path=models/epidemiology/org.eclipse.stem.internal.diseasemodels.models
plugin@org.eclipse.stem.internal.diseasemodels.scenarios=SVN,url=http://dev.eclipse.org/svnroot/technology/org.eclipse.stem,tag=trunk,path=models/epidemiology/org.eclipse.stem.internal.diseasemodels.scenarios
plugin@org.eclipse.stem.diseasemodels=SVN,url=http://dev.eclipse.org/svnroot/technology/org.eclipse.stem,tag=trunk,path=models/epidemiology/org.eclipse.stem.diseasemodels
plugin@org.eclipse.stem.diseasemodels.example=SVN,url=http://dev.eclipse.org/svnroot/technology/org.eclipse.stem,tag=trunk,path=models/epidemiology/org.eclipse.stem.diseasemodels.example
plugin@org.eclipse.stem.diseasemodels.experimental=SVN,url=http://dev.eclipse.org/svnroot/technology/org.eclipse.stem,tag=trunk,path=models/epidemiology/org.eclipse.stem.diseasemodels.experimental
plugin@org.eclipse.stem.diseasemodels.externaldatasource=SVN,url=http://dev.eclipse.org/svnroot/technology/org.eclipse.stem,tag=trunk,path=models/epidemiology/org.eclipse.stem.diseasemodels.externaldatasource
plugin@org.eclipse.stem.diseasemodels.forcing=SVN,url=http://dev.eclipse.org/svnroot/technology/org.eclipse.stem,tag=trunk,path=models/epidemiology/org.eclipse.stem.diseasemodels.forcing
plugin@org.eclipse.stem.diseasemodels.globalinfluenzamodel=SVN,url=http://dev.eclipse.org/svnroot/technology/org.eclipse.stem,tag=trunk,path=models/epidemiology/org.eclipse.stem.diseasemodels.globalinfluenzamodel
plugin@org.eclipse.stem.diseasemodels.multipopulation=SVN,url=http://dev.eclipse.org/svnroot/technology/org.eclipse.stem,tag=trunk,path=models/epidemiology/org.eclipse.stem.diseasemodels.multipopulation
plugin@org.eclipse.stem.diseasemodels.vector=SVN,url=http://dev.eclipse.org/svnroot/technology/org.eclipse.stem,tag=trunk,path=models/epidemiology/org.eclipse.stem.diseasemodels.vector
plugin@org.eclipse.stem.diseases=SVN,url=http://dev.eclipse.org/svnroot/technology/org.eclipse.stem,tag=trunk,path=models/epidemiology/org.eclipse.stem.diseases
plugin@org.eclipse.stem.ui.diseasemodels=SVN,url=http://dev.eclipse.org/svnroot/technology/org.eclipse.stem,tag=trunk,path=models/epidemiology/org.eclipse.stem.ui.diseasemodels
plugin@org.eclipse.stem.ui.diseasemodels.example=SVN,url=http://dev.eclipse.org/svnroot/technology/org.eclipse.stem,tag=trunk,path=models/epidemiology/org.eclipse.stem.ui.diseasemodels.example
plugin@org.eclipse.stem.ui.diseasemodels.experimental=SVN,url=http://dev.eclipse.org/svnroot/technology/org.eclipse.stem,tag=trunk,path=models/epidemiology/org.eclipse.stem.ui.diseasemodels.experimental
plugin@org.eclipse.stem.ui.diseasemodels.externaldatasource=SVN,url=http://dev.eclipse.org/svnroot/technology/org.eclipse.stem,tag=trunk,path=models/epidemiology/org.eclipse.stem.ui.diseasemodels.externaldatasource
plugin@org.eclipse.stem.ui.diseasemodels.forcing=SVN,url=http://dev.eclipse.org/svnroot/technology/org.eclipse.stem,tag=trunk,path=models/epidemiology/org.eclipse.stem.ui.diseasemodels.forcing
plugin@org.eclipse.stem.ui.diseasemodels.globalinfluenzamodel=SVN,url=http://dev.eclipse.org/svnroot/technology/org.eclipse.stem,tag=trunk,path=models/epidemiology/org.eclipse.stem.ui.diseasemodels.globalinfluenzamodel
plugin@org.eclipse.stem.ui.diseasemodels.multipopulation=SVN,url=http://dev.eclipse.org/svnroot/technology/org.eclipse.stem,tag=trunk,path=models/epidemiology/org.eclipse.stem.ui.diseasemodels.multipopulation
plugin@org.eclipse.stem.ui.diseasemodels.vector=SVN,url=http://dev.eclipse.org/svnroot/technology/org.eclipse.stem,tag=trunk,path=models/epidemiology/org.eclipse.stem.ui.diseasemodels.vector
plugin@org.eclipse.stem.interventions=SVN,url=http://dev.eclipse.org/svnroot/technology/org.eclipse.stem,tag=trunk,path=models/epidemiology/org.eclipse.stem.interventions
plugin@org.eclipse.stem.ui.interventions=SVN,url=http://dev.eclipse.org/svnroot/technology/org.eclipse.stem,tag=trunk,path=models/epidemiology/org.eclipse.stem.ui.interventions


!*** Population Models ***
!WS:STEM-PopulationModels
plugin@org.eclipse.stem.populationmodels=SVN,url=http://dev.eclipse.org/svnroot/technology/org.eclipse.stem,tag=trunk,path=models/populations/org.eclipse.stem.populationmodels
plugin@org.eclipse.stem.ui.populationmodels=SVN,url=http://dev.eclipse.org/svnroot/technology/org.eclipse.stem,tag=trunk,path=models/populations/org.eclipse.stem.ui.populationmodels

!*** Distributed STEM ***
!WS:STEM-Distributed
plugin@org.eclipse.stem.graphsynchronizer=SVN,url=http://dev.eclipse.org/svnroot/technology/org.eclipse.stem,tag=trunk,path=distributed/org.eclipse.stem.graphsynchronizer

!*** Tests ***
!WS:STEM-Tests
plugin@org.eclipse.stem.tests.automaticexperiment=SVN,url=http://dev.eclipse.org/svnroot/technology/org.eclipse.stem,tag=trunk,path=tests/org.eclipse.stem.tests.automaticexperiment
plugin@org.eclipse.stem.tests.core=SVN,url=http://dev.eclipse.org/svnroot/technology/org.eclipse.stem,tag=trunk,path=tests/org.eclipse.stem.tests.core
plugin@org.eclipse.stem.tests.definitions=SVN,url=http://dev.eclipse.org/svnroot/technology/org.eclipse.stem,tag=trunk,path=tests/org.eclipse.stem.tests.definitions
plugin@org.eclipse.stem.tests.diseasemodels=SVN,url=http://dev.eclipse.org/svnroot/technology/org.eclipse.stem,tag=trunk,path=tests/org.eclipse.stem.tests.diseasemodels
plugin@org.eclipse.stem.tests.diseasemodels.example=SVN,url=http://dev.eclipse.org/svnroot/technology/org.eclipse.stem,tag=trunk,path=tests/org.eclipse.stem.tests.diseasemodels.example
plugin@org.eclipse.stem.tests.diseasemodels.experimental=SVN,url=http://dev.eclipse.org/svnroot/technology/org.eclipse.stem,tag=trunk,path=tests/org.eclipse.stem.tests.diseasemodels.experimental
plugin@org.eclipse.stem.tests.diseasemodels.externaldatasource=SVN,url=http://dev.eclipse.org/svnroot/technology/org.eclipse.stem,tag=trunk,path=tests/org.eclipse.stem.tests.diseasemodels.externaldatasource
plugin@org.eclipse.stem.tests.diseasemodels.forcing=SVN,url=http://dev.eclipse.org/svnroot/technology/org.eclipse.stem,tag=trunk,path=tests/org.eclipse.stem.tests.diseasemodels.forcing
plugin@org.eclipse.stem.tests.diseasemodels.multipopulation=SVN,url=http://dev.eclipse.org/svnroot/technology/org.eclipse.stem,tag=trunk,path=tests/org.eclipse.stem.tests.diseasemodels.multipopulation
plugin@org.eclipse.stem.tests.grapheditor=SVN,url=http://dev.eclipse.org/svnroot/technology/org.eclipse.stem,tag=trunk,path=tests/org.eclipse.stem.tests.grapheditor
plugin@org.eclipse.stem.tests.graphgenerators=SVN,url=http://dev.eclipse.org/svnroot/technology/org.eclipse.stem,tag=trunk,path=tests/org.eclipse.stem.tests.graphgenerators
plugin@org.eclipse.stem.tests.internal.data=SVN,url=http://dev.eclipse.org/svnroot/technology/org.eclipse.stem,tag=trunk,path=tests/org.eclipse.stem.tests.internal.data
plugin@org.eclipse.stem.tests.jobs=SVN,url=http://dev.eclipse.org/svnroot/technology/org.eclipse.stem,tag=trunk,path=tests/org.eclipse.stem.tests.jobs
plugin@org.eclipse.stem.tests.populationmodels=SVN,url=http://dev.eclipse.org/svnroot/technology/org.eclipse.stem,tag=trunk,path=tests/org.eclipse.stem.tests.populationmodels
plugin@org.eclipse.stem.tests.transport=SVN,url=http://dev.eclipse.org/svnroot/technology/org.eclipse.stem,tag=trunk,path=tests/org.eclipse.stem.tests.transport
plugin@org.eclipse.stem.tests.ui=SVN,url=http://dev.eclipse.org/svnroot/technology/org.eclipse.stem,tag=trunk,path=tests/org.eclipse.stem.tests.ui
plugin@org.eclipse.stem.tests.ui.ge=SVN,url=http://dev.eclipse.org/svnroot/technology/org.eclipse.stem,tag=trunk,path=tests/org.eclipse.stem.tests.ui.ge
plugin@org.eclipse.stem.tests.util=SVN,url=http://dev.eclipse.org/svnroot/technology/org.eclipse.stem,tag=trunk,path=tests/org.eclipse.stem.tests.util
plugin@org.eclipse.stem.tests.interventions=SVN,url=http://dev.eclipse.org/svnroot/technology/org.eclipse.stem,tag=trunk,path=tests/org.eclipse.stem.tests.interventions
plugin@org.eclipse.stem.sample=SVN,url=http://dev.eclipse.org/svnroot/technology/org.eclipse.stem,tag=trunk,path=tests/org.eclipse.stem.sample


!*** Earth Science Data ***
!WS:STEM-Data-EarthScience
plugin@org.eclipse.stem.data.geography.earthscience.2000=SVN,url=http://dev.eclipse.org/svnroot/technology/org.eclipse.stem,tag=trunk,path=data/earthscience/org.eclipse.stem.data.geography.earthscience.2000
plugin@org.eclipse.stem.data.geography.earthscience.2000.models=SVN,url=http://dev.eclipse.org/svnroot/technology/org.eclipse.stem,tag=trunk,path=data/earthscience/org.eclipse.stem.data.geography.earthscience.2000.models
plugin@org.eclipse.stem.data.geography.earthscience.2001=SVN,url=http://dev.eclipse.org/svnroot/technology/org.eclipse.stem,tag=trunk,path=data/earthscience/org.eclipse.stem.data.geography.earthscience.2001
plugin@org.eclipse.stem.data.geography.earthscience.2001.models=SVN,url=http://dev.eclipse.org/svnroot/technology/org.eclipse.stem,tag=trunk,path=data/earthscience/org.eclipse.stem.data.geography.earthscience.2001.models
plugin@org.eclipse.stem.data.geography.earthscience.2002=SVN,url=http://dev.eclipse.org/svnroot/technology/org.eclipse.stem,tag=trunk,path=data/earthscience/org.eclipse.stem.data.geography.earthscience.2002
plugin@org.eclipse.stem.data.geography.earthscience.2002.models=SVN,url=http://dev.eclipse.org/svnroot/technology/org.eclipse.stem,tag=trunk,path=data/earthscience/org.eclipse.stem.data.geography.earthscience.2002.models
plugin@org.eclipse.stem.data.geography.earthscience.2003=SVN,url=http://dev.eclipse.org/svnroot/technology/org.eclipse.stem,tag=trunk,path=data/earthscience/org.eclipse.stem.data.geography.earthscience.2003
plugin@org.eclipse.stem.data.geography.earthscience.2003.models=SVN,url=http://dev.eclipse.org/svnroot/technology/org.eclipse.stem,tag=trunk,path=data/earthscience/org.eclipse.stem.data.geography.earthscience.2003.models
plugin@org.eclipse.stem.data.geography.earthscience.2004=SVN,url=http://dev.eclipse.org/svnroot/technology/org.eclipse.stem,tag=trunk,path=data/earthscience/org.eclipse.stem.data.geography.earthscience.2004
plugin@org.eclipse.stem.data.geography.earthscience.2004.models=SVN,url=http://dev.eclipse.org/svnroot/technology/org.eclipse.stem,tag=trunk,path=data/earthscience/org.eclipse.stem.data.geography.earthscience.2004.models
plugin@org.eclipse.stem.data.geography.earthscience.2005=SVN,url=http://dev.eclipse.org/svnroot/technology/org.eclipse.stem,tag=trunk,path=data/earthscience/org.eclipse.stem.data.geography.earthscience.2005
plugin@org.eclipse.stem.data.geography.earthscience.2005.models=SVN,url=http://dev.eclipse.org/svnroot/technology/org.eclipse.stem,tag=trunk,path=data/earthscience/org.eclipse.stem.data.geography.earthscience.2005.models
plugin@org.eclipse.stem.data.geography.earthscience.2006=SVN,url=http://dev.eclipse.org/svnroot/technology/org.eclipse.stem,tag=trunk,path=data/earthscience/org.eclipse.stem.data.geography.earthscience.2006
plugin@org.eclipse.stem.data.geography.earthscience.2006.models=SVN,url=http://dev.eclipse.org/svnroot/technology/org.eclipse.stem,tag=trunk,path=data/earthscience/org.eclipse.stem.data.geography.earthscience.2006.models
plugin@org.eclipse.stem.data.geography.earthscience.2007=SVN,url=http://dev.eclipse.org/svnroot/technology/org.eclipse.stem,tag=trunk,path=data/earthscience/org.eclipse.stem.data.geography.earthscience.2007
plugin@org.eclipse.stem.data.geography.earthscience.2007.models=SVN,url=http://dev.eclipse.org/svnroot/technology/org.eclipse.stem,tag=trunk,path=data/earthscience/org.eclipse.stem.data.geography.earthscience.2007.models
plugin@org.eclipse.stem.data.geography.earthscience.2008=SVN,url=http://dev.eclipse.org/svnroot/technology/org.eclipse.stem,tag=trunk,path=data/earthscience/org.eclipse.stem.data.geography.earthscience.2008
plugin@org.eclipse.stem.data.geography.earthscience.2008.models=SVN,url=http://dev.eclipse.org/svnroot/technology/org.eclipse.stem,tag=trunk,path=data/earthscience/org.eclipse.stem.data.geography.earthscience.2008.models
plugin@org.eclipse.stem.data.geography.earthscience.2009=SVN,url=http://dev.eclipse.org/svnroot/technology/org.eclipse.stem,tag=trunk,path=data/earthscience/org.eclipse.stem.data.geography.earthscience.2009
plugin@org.eclipse.stem.data.geography.earthscience.2009.models=SVN,url=http://dev.eclipse.org/svnroot/technology/org.eclipse.stem,tag=trunk,path=data/earthscience/org.eclipse.stem.data.geography.earthscience.2009.models
plugin@org.eclipse.stem.data.geography.earthscience.2010=SVN,url=http://dev.eclipse.org/svnroot/technology/org.eclipse.stem,tag=trunk,path=data/earthscience/org.eclipse.stem.data.geography.earthscience.2010
plugin@org.eclipse.stem.data.geography.earthscience.2010.models=SVN,url=http://dev.eclipse.org/svnroot/technology/org.eclipse.stem,tag=trunk,path=data/earthscience/org.eclipse.stem.data.geography.earthscience.2010.models
plugin@org.eclipse.stem.data.geography.earthscience.combined=SVN,url=http://dev.eclipse.org/svnroot/technology/org.eclipse.stem,tag=trunk,path=data/earthscience/org.eclipse.stem.data.geography.earthscience.combined
plugin@org.eclipse.stem.data.geography.earthscience.combined.models=SVN,url=http://dev.eclipse.org/svnroot/technology/org.eclipse.stem,tag=trunk,path=data/earthscience/org.eclipse.stem.data.geography.earthscience.combined.models
plugin@org.eclipse.stem.data.geography.earthscience.elevation=SVN,url=http://dev.eclipse.org/svnroot/technology/org.eclipse.stem,tag=trunk,path=data/earthscience/org.eclipse.stem.data.geography.earthscience.elevation
plugin@org.eclipse.stem.internal.data.geography.earthscience=SVN,url=http://dev.eclipse.org/svnroot/technology/org.eclipse.stem,tag=trunk,path=data/earthscience/org.eclipse.stem.internal.data.geography.earthscience
plugin@org.eclipse.stem.internal.data.geography.earthscience.2000=SVN,url=http://dev.eclipse.org/svnroot/technology/org.eclipse.stem,tag=trunk,path=data/earthscience/org.eclipse.stem.internal.data.geography.earthscience.2000
plugin@org.eclipse.stem.internal.data.geography.earthscience.2000.models=SVN,url=http://dev.eclipse.org/svnroot/technology/org.eclipse.stem,tag=trunk,path=data/earthscience/org.eclipse.stem.internal.data.geography.earthscience.2000.models
plugin@org.eclipse.stem.internal.data.geography.earthscience.2001=SVN,url=http://dev.eclipse.org/svnroot/technology/org.eclipse.stem,tag=trunk,path=data/earthscience/org.eclipse.stem.internal.data.geography.earthscience.2001
plugin@org.eclipse.stem.internal.data.geography.earthscience.2001.models=SVN,url=http://dev.eclipse.org/svnroot/technology/org.eclipse.stem,tag=trunk,path=data/earthscience/org.eclipse.stem.internal.data.geography.earthscience.2001.models
plugin@org.eclipse.stem.internal.data.geography.earthscience.2002=SVN,url=http://dev.eclipse.org/svnroot/technology/org.eclipse.stem,tag=trunk,path=data/earthscience/org.eclipse.stem.internal.data.geography.earthscience.2002
plugin@org.eclipse.stem.internal.data.geography.earthscience.2002.models=SVN,url=http://dev.eclipse.org/svnroot/technology/org.eclipse.stem,tag=trunk,path=data/earthscience/org.eclipse.stem.internal.data.geography.earthscience.2002.models
plugin@org.eclipse.stem.internal.data.geography.earthscience.2003=SVN,url=http://dev.eclipse.org/svnroot/technology/org.eclipse.stem,tag=trunk,path=data/earthscience/org.eclipse.stem.internal.data.geography.earthscience.2003
plugin@org.eclipse.stem.internal.data.geography.earthscience.2003.models=SVN,url=http://dev.eclipse.org/svnroot/technology/org.eclipse.stem,tag=trunk,path=data/earthscience/org.eclipse.stem.internal.data.geography.earthscience.2003.models
plugin@org.eclipse.stem.internal.data.geography.earthscience.2004=SVN,url=http://dev.eclipse.org/svnroot/technology/org.eclipse.stem,tag=trunk,path=data/earthscience/org.eclipse.stem.internal.data.geography.earthscience.2004
plugin@org.eclipse.stem.internal.data.geography.earthscience.2004.models=SVN,url=http://dev.eclipse.org/svnroot/technology/org.eclipse.stem,tag=trunk,path=data/earthscience/org.eclipse.stem.internal.data.geography.earthscience.2004.models
plugin@org.eclipse.stem.internal.data.geography.earthscience.2005=SVN,url=http://dev.eclipse.org/svnroot/technology/org.eclipse.stem,tag=trunk,path=data/earthscience/org.eclipse.stem.internal.data.geography.earthscience.2005
plugin@org.eclipse.stem.internal.data.geography.earthscience.2005.models=SVN,url=http://dev.eclipse.org/svnroot/technology/org.eclipse.stem,tag=trunk,path=data/earthscience/org.eclipse.stem.internal.data.geography.earthscience.2005.models
plugin@org.eclipse.stem.internal.data.geography.earthscience.2006=SVN,url=http://dev.eclipse.org/svnroot/technology/org.eclipse.stem,tag=trunk,path=data/earthscience/org.eclipse.stem.internal.data.geography.earthscience.2006
plugin@org.eclipse.stem.internal.data.geography.earthscience.2006.models=SVN,url=http://dev.eclipse.org/svnroot/technology/org.eclipse.stem,tag=trunk,path=data/earthscience/org.eclipse.stem.internal.data.geography.earthscience.2006.models
plugin@org.eclipse.stem.internal.data.geography.earthscience.2007=SVN,url=http://dev.eclipse.org/svnroot/technology/org.eclipse.stem,tag=trunk,path=data/earthscience/org.eclipse.stem.internal.data.geography.earthscience.2007
plugin@org.eclipse.stem.internal.data.geography.earthscience.2007.models=SVN,url=http://dev.eclipse.org/svnroot/technology/org.eclipse.stem,tag=trunk,path=data/earthscience/org.eclipse.stem.internal.data.geography.earthscience.2007.models
plugin@org.eclipse.stem.internal.data.geography.earthscience.2008=SVN,url=http://dev.eclipse.org/svnroot/technology/org.eclipse.stem,tag=trunk,path=data/earthscience/org.eclipse.stem.internal.data.geography.earthscience.2008
plugin@org.eclipse.stem.internal.data.geography.earthscience.2008.models=SVN,url=http://dev.eclipse.org/svnroot/technology/org.eclipse.stem,tag=trunk,path=data/earthscience/org.eclipse.stem.internal.data.geography.earthscience.2008.models
plugin@org.eclipse.stem.internal.data.geography.earthscience.2009=SVN,url=http://dev.eclipse.org/svnroot/technology/org.eclipse.stem,tag=trunk,path=data/earthscience/org.eclipse.stem.internal.data.geography.earthscience.2009
plugin@org.eclipse.stem.internal.data.geography.earthscience.2009.models=SVN,url=http://dev.eclipse.org/svnroot/technology/org.eclipse.stem,tag=trunk,path=data/earthscience/org.eclipse.stem.internal.data.geography.earthscience.2009.models
plugin@org.eclipse.stem.internal.data.geography.earthscience.2010=SVN,url=http://dev.eclipse.org/svnroot/technology/org.eclipse.stem,tag=trunk,path=data/earthscience/org.eclipse.stem.internal.data.geography.earthscience.2010
plugin@org.eclipse.stem.internal.data.geography.earthscience.2010.models=SVN,url=http://dev.eclipse.org/svnroot/technology/org.eclipse.stem,tag=trunk,path=data/earthscience/org.eclipse.stem.internal.data.geography.earthscience.2010.models
plugin@org.eclipse.stem.internal.data.geography.earthscience.combined=SVN,url=http://dev.eclipse.org/svnroot/technology/org.eclipse.stem,tag=trunk,path=data/earthscience/org.eclipse.stem.internal.data.geography.earthscience.combined
plugin@org.eclipse.stem.internal.data.geography.earthscience.combined.models=SVN,url=http://dev.eclipse.org/svnroot/technology/org.eclipse.stem,tag=trunk,path=data/earthscience/org.eclipse.stem.internal.data.geography.earthscience.combined.models
plugin@org.eclipse.stem.internal.data.geography.earthscience.elevation=SVN,url=http://dev.eclipse.org/svnroot/technology/org.eclipse.stem,tag=trunk,path=data/earthscience/org.eclipse.stem.internal.data.geography.earthscience.elevation
